C51 COMPILER V9.00   KEYPAD                                                                09/14/2015 21:09:41 PAGE 1   


C51 COMPILER V9.00, COMPILATION OF MODULE KEYPAD
OBJECT MODULE PLACED IN keypad.OBJ
COMPILER INVOKED BY: D:\Keil\C51\BIN\C51.EXE keypad.c COMPACT BROWSE DEBUG OBJECTEXTEND

line level    source

   1          #include <include.h>
   2          //检测完毕。可以正常使用。
   3          uchar idata led[]={0x14,0x24,0x34,0x44,0x54};
   4          uchar idata led_lock[]={0x09,0x09,0x09,0x09,0x09};//09代表解锁，0a代表锁定
   5          uint idata led_code[5]={0,0,0,0,0};
   6          uint idata led_entered;
   7          uchar idata c_i=0;//显示当前密码是哪一位
   8          
   9          uchar idata screen_present=0;//定义是哪一个屏幕.0为主屏，1为调光屏，2为监控屏，3为网络屏，4为说明屏
  10          uchar idata screen_level=0;//查看当前屏幕级别
  11          uchar idata led_select=0;//当前选择的灯
  12          uchar idata temp,key=16;
  13          bit pwm_on=0;
  14          uchar idata breathe_now=2;
  15          
  16          void delay_20ms(void)             //仅在矩阵键盘中用到
  17          {
  18   1          unsigned char a,b,c;
  19   1          for(c=195;c>0;c--)
  20   1              for(b=234;b>0;b--)
  21   1                  for(a=2;a>0;a--);
  22   1          _nop_();  
  23   1          _nop_();  
  24   1      }
  25          uchar keyfind(void)
  26          {
  27   1              
  28   1              P7=0xfe;//第一行
  29   1          temp=P7;
  30   1          temp=temp&0xf0;
  31   1          if(temp!=0xf0)
  32   1              {
  33   2              delay_20ms();
  34   2              if(temp!=0xf0)
  35   2              {
  36   3                      temp=P7;
  37   3                      switch(temp)
  38   3                      {
  39   4                              case 0xee:key=0;break;
  40   4                                      case 0xde:key=1;break;
  41   4                                      case 0xbe:key=2;break;
  42   4                                      case 0x7e:key=3;break;
  43   4                                      
  44   4                      }
  45   3              }
  46   2          }
  47   1          P7=0xfd;
  48   1          temp=P7;
  49   1          temp=temp&0xf0;
  50   1          if(temp!=0xf0)
  51   1          {
  52   2              delay_20ms();
  53   2              if(temp!=0xf0)
  54   2              {
  55   3                      temp=P7;
C51 COMPILER V9.00   KEYPAD                                                                09/14/2015 21:09:41 PAGE 2   

  56   3                      switch(temp)
  57   3                      {
  58   4                              case 0xed:key=4;break;
  59   4                                      case 0xdd:key=5;break;
  60   4                                      case 0xbd:key=6;break;
  61   4                                      case 0x7d:key=7;break;
  62   4                                      
  63   4                      }
  64   3              }
  65   2              }
  66   1          P7=0xfb;
  67   1          temp=P7;
  68   1          temp=temp&0xf0;
  69   1          if(temp!=0xf0)
  70   1          {
  71   2              delay_20ms();
  72   2              if(temp!=0xf0)
  73   2              {
  74   3                      temp=P7;
  75   3                      switch(temp)
  76   3                      {
  77   4                              case 0xeb:key=8;break;
  78   4                                      case 0xdb:key=9;break;
  79   4                                      case 0xbb:key=10;break;
  80   4                                      case 0x7b:key=11;break;
  81   4                                      
  82   4                      }
  83   3              }
  84   2          }
  85   1          P7=0xf7;
  86   1          temp=P7;
  87   1          temp=temp&0xf0;
  88   1          if(temp!=0xf0)
  89   1          {
  90   2              delay_20ms();
  91   2              if(temp!=0xf0)
  92   2              {
  93   3                      temp=P7;
  94   3                      switch(temp)
  95   3                      {
  96   4                              case 0xe7:key=12;break;
  97   4                                      case 0xd7:key=13;break;
  98   4                                      case 0xb7:key=14;break;
  99   4                                      case 0x77:key=15;break;
 100   4                                      
 101   4                      }
 102   3              }
 103   2              }
 104   1              delay(150);
 105   1              return key;
 106   1      }
 107          
 108          void keyprocess(uchar key)
 109          {
 110   1              if(key==0)                                      //显示主屏幕
 111   1              {
 112   2                      if(screen_present==0)
 113   2                      {
 114   3                              screen_present=1;
 115   3                              screen_level=1;
 116   3                              screen_draw();
 117   3                              dis_led();
C51 COMPILER V9.00   KEYPAD                                                                09/14/2015 21:09:41 PAGE 3   

 118   3                      }
 119   2                      if((screen_present==1)&&(screen_level==2))
 120   2                      {
 121   3                              if(c_i!=4)
 122   3                              {
 123   4                                      if(led_lock[led_select]==0x09)
 124   4                                      {
 125   5                                              led_code[led_select]=led_code[led_select]*10;   
 126   5                                      }
 127   4                                      else 
 128   4                                      {
 129   5                                              led_entered*=10;
 130   5                                      }
 131   4                                      lcd_pos(1,c_i++);
 132   4                                      write_dat(48);
 133   4                              }
 134   3                      }
 135   2                      if((screen_present==3)&&(screen_level>1))
 136   2                      {
 137   3                              if((c_i!=8)&&(screen_level==2))
 138   3                              {
 139   4                                      new_name[c_i]=48;       
 140   4                              }
 141   3                              if((c_i!=8)&&(screen_level==3))
 142   3                              {
 143   4                                      new_code[c_i]=48;
 144   4                              }
 145   3                              lcd_pos(1,c_i++);
 146   3                              write_dat(48);
 147   3                      }
 148   2              }
 149   1              if(key==1)
 150   1              {
 151   2                      if(screen_present==0)//进入监控界面
 152   2                      {
 153   3                              screen_present=2;
 154   3                              screen_level=1;
 155   3                              screen_draw();
 156   3                              lcd_pos(0,1);
 157   3                              write_dat(number[led_select]+1);
 158   3                              lcd_pos(0,4);
 159   3                              write_dat((led[led_select]%16)+48);
 160   3                              lcd_pos(0,7);
 161   3                              write_dat(led_lock[led_select]);                        
 162   3                      }
 163   2                      if((screen_present==1)&&(screen_level==2))
 164   2                      {
 165   3                              if(c_i!=4)
 166   3                              {
 167   4                                      if(led_lock[led_select]==0x09)
 168   4                                      {
 169   5                                              led_code[led_select]=led_code[led_select]*10+1; 
 170   5                                      }
 171   4                                      else 
 172   4                                      {
 173   5                                              led_entered=led_entered*10+1;
 174   5                                      }
 175   4                              lcd_pos(1,c_i++);
 176   4                              write_dat(49);
 177   4                              }
 178   3                      }
 179   2                      if((screen_present==3)&&(screen_level>1))
C51 COMPILER V9.00   KEYPAD                                                                09/14/2015 21:09:41 PAGE 4   

 180   2                      {
 181   3                              if((c_i!=8)&&(screen_level==2))
 182   3                              {
 183   4                                      new_name[c_i]=49;       
 184   4                              }
 185   3                              if((c_i!=8)&&(screen_level==3))
 186   3                              {
 187   4                                      new_code[c_i]=49;
 188   4                              }
 189   3                              lcd_pos(1,c_i++);
 190   3                              write_dat(49);
 191   3                      }       
 192   2              }
 193   1              if(key==2)
 194   1              {
 195   2                      if(screen_present==0)
 196   2                      {
 197   3                              screen_present=3;
 198   3                              screen_level=1;
 199   3                              write_cmd(0x01);
 200   3                              lcd_pos(0,0);
 201   3                              dis_string(dis7);
 202   3                              lcd_pos(1,0);
 203   3                              dis_string(dis8);
 204   3                              lcd_pos(2,0);
 205   3                              dis_string(dis9);
 206   3                      }
 207   2                      if((screen_present==1)&&(screen_level==2))
 208   2                      {
 209   3                              if(c_i!=4)
 210   3                              {
 211   4                                      if(led_lock[led_select]==0x09)
 212   4                                      {
 213   5                                              led_code[led_select]=led_code[led_select]*10+2; 
 214   5                                      }
 215   4                                      else 
 216   4                                      {
 217   5                                              led_entered=led_entered*10+2;
 218   5                                      }
 219   4                                      lcd_pos(1,c_i++);
 220   4                                      write_dat(50);
 221   4                              }
 222   3                      }
 223   2                      if((screen_present==3)&&(screen_level>1))
 224   2                      {
 225   3                              if((c_i!=8)&&(screen_level==2))
 226   3                              {
 227   4                                      new_name[c_i]=50;       
 228   4                              }
 229   3                              if((c_i!=8)&&(screen_level==3))
 230   3                              {
 231   4                                      new_code[c_i]=50;
 232   4                              }
 233   3                              lcd_pos(1,c_i++);
 234   3                              write_dat(50);
 235   3                      }
 236   2              }
 237   1              if(key==3)
 238   1              {
 239   2                      if(screen_present==0)
 240   2                      {
 241   3                              screen_present=4;
C51 COMPILER V9.00   KEYPAD                                                                09/14/2015 21:09:41 PAGE 5   

 242   3                              screen_level=1;
 243   3                              screen_draw();  
 244   3                      }
 245   2                      if((screen_present==1)&&(screen_level==2))
 246   2                      {
 247   3                              if(c_i!=4)
 248   3                              {
 249   4                                      if(led_lock[led_select]==0x09)
 250   4                                      {
 251   5                                              led_code[led_select]=led_code[led_select]*10+3; 
 252   5                                      }
 253   4                                      else 
 254   4                                      {
 255   5                                              led_entered=led_entered*10+3;
 256   5                                      }
 257   4                                      lcd_pos(1,c_i++);
 258   4                                      write_dat(51);
 259   4                              }
 260   3                      }
 261   2                      if((screen_present==3)&&(screen_level>1))
 262   2                      {
 263   3                              if((c_i!=8)&&(screen_level==2))
 264   3                              {
 265   4                                      new_name[c_i]=51;       
 266   4                              }
 267   3                              if((c_i!=8)&&(screen_level==3))
 268   3                              {
 269   4                                      new_code[c_i]=51;
 270   4                              }
 271   3                              lcd_pos(1,c_i++);
 272   3                              write_dat(51);
 273   3                      }
 274   2              }
 275   1              if(key==4)
 276   1              {
 277   2                      if((screen_present==1)&&(screen_level==1))
 278   2                      {
 279   3                              if(led_select>0)
 280   3                              {
 281   4                                      led_select--;
 282   4                                      dis_led();
 283   4                              }
 284   3                      }
 285   2                      if((screen_present==1)&&(screen_level==2))
 286   2                      {
 287   3                              if(c_i!=4)
 288   3                              {
 289   4                                      if(led_lock[led_select]==0x09)
 290   4                                      {
 291   5                                              led_code[led_select]=led_code[led_select]*10+4; 
 292   5                                      }
 293   4                                      else 
 294   4                                      {
 295   5                                              led_entered=led_entered*10+4;
 296   5                                      }
 297   4                                      lcd_pos(1,c_i++);
 298   4                                      write_dat(52);
 299   4                              }
 300   3                      }
 301   2                      if((screen_present==2)&&(led_select>0))
 302   2                      {
 303   3                              led_select--;
C51 COMPILER V9.00   KEYPAD                                                                09/14/2015 21:09:41 PAGE 6   

 304   3                              lcd_pos(0,1);
 305   3                              write_dat(number[led_select]+1);
 306   3                              lcd_pos(0,4);
 307   3                              write_dat((led[led_select]%16)+48);
 308   3                              lcd_pos(0,7);
 309   3                              write_dat(led_lock[led_select]);
 310   3                      }
 311   2                      if((screen_present==3)&&(screen_level>1))
 312   2                      {
 313   3                              if((c_i!=8)&&(screen_level==2))
 314   3                              {
 315   4                                      new_name[c_i]=52;       
 316   4                              }
 317   3                              if((c_i!=8)&&(screen_level==3))
 318   3                              {
 319   4                                      new_code[c_i]=52;
 320   4                              }
 321   3                              lcd_pos(1,c_i++);
 322   3                              write_dat(52);
 323   3                      }       
 324   2              }
 325   1              if(key==5)
 326   1              {
 327   2                      if((screen_present==1)&&(screen_level==1))
 328   2                      {
 329   3                              if(led_select<4)
 330   3                              {
 331   4                                      led_select++;
 332   4                                      dis_led();
 333   4                              }
 334   3                      }
 335   2                      if((screen_present==1)&&(screen_level==2))
 336   2                      {
 337   3                              if(c_i!=4)
 338   3                              {
 339   4                                      if(led_lock[led_select]==0x09)
 340   4                                      {
 341   5                                              led_code[led_select]=led_code[led_select]*10+5; 
 342   5                                      }
 343   4                                      else 
 344   4                                      {
 345   5                                              led_entered=led_entered*10+5;
 346   5                                      }
 347   4                                      lcd_pos(1,c_i++);
 348   4                                      write_dat(53);
 349   4                              }
 350   3                      }
 351   2                      if((screen_present==2)&&(screen_level==1)&&(led_select<4))
 352   2                      {
 353   3                              led_select++;
 354   3                              lcd_pos(0,1);
 355   3                              write_dat(number[led_select]+1);
 356   3                              lcd_pos(0,4);
 357   3                              write_dat((led[led_select]%16)+48);
 358   3                              lcd_pos(0,7);
 359   3                              write_dat(led_lock[led_select]);
 360   3                      }
 361   2                      if((screen_present==3)&&(screen_level>1))
 362   2                      {
 363   3                              if((c_i!=8)&&(screen_level==2))
 364   3                              {
 365   4                                      new_name[c_i]=53;       
C51 COMPILER V9.00   KEYPAD                                                                09/14/2015 21:09:41 PAGE 7   

 366   4                              }
 367   3                              if((c_i!=8)&&(screen_level==3))
 368   3                              {
 369   4                                      new_code[c_i]=53;
 370   4                              }
 371   3                              lcd_pos(1,c_i++);
 372   3                              write_dat(53);
 373   3                      }
 374   2              }
 375   1              if(key==6)
 376   1              {
 377   2                      if((screen_present==1)&&(screen_level==1)&&(led[led_select]%16!=0)&&(led_lock[led_select]!=0x0a))
 378   2                      {
 379   3                              led_pwm(--led[led_select]);
 380   3                              dis_led();      
 381   3                      }
 382   2                      if((screen_present==1)&&(screen_level==2))
 383   2                      {
 384   3                              if(c_i!=4)
 385   3                              {
 386   4                                      if(led_lock[led_select]==0x09)
 387   4                                      {
 388   5                                              led_code[led_select]=led_code[led_select]*10+6; 
 389   5                                      }
 390   4                                      else 
 391   4                                      {
 392   5                                              led_entered=led_entered*10+6;
 393   5                                      }
 394   4                                      lcd_pos(1,c_i++);
 395   4                                      write_dat(54);
 396   4                              }
 397   3                      }
 398   2                      if((screen_present==3)&&(screen_level>1))
 399   2                      {
 400   3                              if((c_i!=8)&&(screen_level==2))
 401   3                              {
 402   4                                      new_name[c_i]=54;       
 403   4                              }
 404   3                              if((c_i!=8)&&(screen_level==3))
 405   3                              {
 406   4                                      new_code[c_i]=54;
 407   4                              }
 408   3                              lcd_pos(1,c_i++);
 409   3                              write_dat(54);
 410   3                      }       
 411   2              }
 412   1              if(key==7)
 413   1              {
 414   2                      if((screen_present==1)&&(screen_level==1)&&(led[led_select]%16!=4)&&(led_lock[led_select]!=0x0a))
 415   2                      {
 416   3                              led_pwm(++led[led_select]);
 417   3                              dis_led();      
 418   3                      }
 419   2                      if((screen_present==1)&&(screen_level==2))
 420   2                      {
 421   3                              if(c_i!=4)
 422   3                              {
 423   4                                      if(led_lock[led_select]==0x09)
 424   4                                      {
 425   5                                              led_code[led_select]=led_code[led_select]*10+7; 
 426   5                                      }
 427   4                                      else 
C51 COMPILER V9.00   KEYPAD                                                                09/14/2015 21:09:41 PAGE 8   

 428   4                                      {
 429   5                                              led_entered=led_entered*10+7;
 430   5                                      }
 431   4                                      lcd_pos(1,c_i++);
 432   4                                      write_dat(55);
 433   4                              }
 434   3                      }
 435   2                      if((screen_present==3)&&(screen_level>1))
 436   2                      {
 437   3                              if((c_i!=8)&&(screen_level==2))
 438   3                              {
 439   4                                      new_name[c_i]=55;       
 440   4                              }
 441   3                              if((c_i!=8)&&(screen_level==3))
 442   3                              {
 443   4                                      new_code[c_i]=55;
 444   4                              }
 445   3                              lcd_pos(1,c_i++);
 446   3                              write_dat(55);
 447   3                      }
 448   2              }
 449   1              if(key==8)
 450   1              {
 451   2                      if((screen_present==1)&&(screen_level==2))
 452   2                      {
 453   3                              if(c_i!=4)
 454   3                              {
 455   4                                      if(led_lock[led_select]==0x09)
 456   4                                      {
 457   5                                              led_code[led_select]=led_code[led_select]*10+8; 
 458   5                                      }
 459   4                                      else 
 460   4                                      {
 461   5                                              led_entered=led_entered*10+8;
 462   5                                      }
 463   4                                      lcd_pos(1,c_i++);
 464   4                                      write_dat(56);
 465   4                              }
 466   3                      }
 467   2                      if((screen_present==3)&&(screen_level>1))
 468   2                      {
 469   3                              if((c_i!=8)&&(screen_level==2))
 470   3                              {
 471   4                                      new_name[c_i]=56;       
 472   4                              }
 473   3                              if((c_i!=8)&&(screen_level==3))
 474   3                              {
 475   4                                      new_code[c_i]=56;
 476   4                              }
 477   3                              lcd_pos(1,c_i++);
 478   3                              write_dat(56);
 479   3                      }
 480   2              }
 481   1              if(key==9)
 482   1              {
 483   2                      if((screen_present==1)&&(screen_level==2))
 484   2                      {
 485   3                              if(c_i!=4)
 486   3                              {
 487   4                                      if(led_lock[led_select]==0x09)
 488   4                                      {
 489   5                                              led_code[led_select]=led_code[led_select]*10+9; 
C51 COMPILER V9.00   KEYPAD                                                                09/14/2015 21:09:41 PAGE 9   

 490   5                                      }
 491   4                                      else 
 492   4                                      {
 493   5                                              led_entered=led_entered*10+9;
 494   5                                      }
 495   4                                      lcd_pos(1,c_i++);
 496   4                                      write_dat(57);
 497   4                              }
 498   3                      }
 499   2                      if((screen_present==3)&&(screen_level>1))
 500   2                      {
 501   3                              if((c_i!=8)&&(screen_level==2))
 502   3                              {
 503   4                                      new_name[c_i]=57;       
 504   4                              }
 505   3                              if((c_i!=8)&&(screen_level==3))
 506   3                              {
 507   4                                      new_code[c_i]=57;
 508   4                              }
 509   3                              lcd_pos(1,c_i++);
 510   3                              write_dat(57);
 511   3                      }
 512   2              }
 513   1              if(key==10)
 514   1              {
 515   2                      if((screen_present==1)&&(screen_level==2))
 516   2                      {
 517   3                              if(c_i!=4)      //如果输入的密码不符合要求，显示 输入错误
 518   3                              {                                                                               
 519   4                                      led_code[led_select]=0;
 520   4                                      led_entered=0;c_i=0;
 521   4                                      write_cmd(0x01);
 522   4                                      lcd_pos(0,0);dis_string(dis16);
 523   4                                      delay(50000);delay(50000);delay(50000);delay(50000);
 524   4                                      screen_level=1;
 525   4                                      screen_draw();
 526   4                                      dis_led();
 527   4                              }
 528   3                              else                                                                    //如果输入的形式符合四位
 529   3                              {
 530   4                                      if(led_lock[led_select]==0x09)          //如果当初是未上锁，现在就是加上新密码
 531   4                                      {
 532   5                                              led_lock[led_select]=0x0a;              //表明当前为锁上状态
 533   5                                              write_cmd(0x01);                                //清除
 534   5                                              screen_level=1;                                 //返回上一级
 535   5                                              c_i=0;
 536   5                                              led_entered=0;
 537   5                                              screen_draw();
 538   5                                              dis_led();
 539   5                                      }
 540   4                                      else       //如果当初上了锁，现在是要解锁
 541   4                                      {
 542   5                                              if(led_entered==led_code[led_select])                                            //如果密码正确，解锁
 543   5                                              {
 544   6                                                      led_lock[led_select]=0x09;                                                               //解锁
 545   6                                                      led_code[led_select]=0;                                                                  //清除先前的密码
 546   6                                                      screen_level=1;                                 //返回上一级
 547   6                                                      c_i=0;
 548   6                                                      screen_draw();
 549   6                                                      dis_led();
 550   6                                              }
 551   5                                              else                                                             //如果密码错误，显示 输入错误，返回上一级
C51 COMPILER V9.00   KEYPAD                                                                09/14/2015 21:09:41 PAGE 10  

 552   5                                              {
 553   6                                                      led_entered=0;
 554   6                                                      c_i=0;
 555   6                                                      write_cmd(0x01);lcd_pos(0,0);dis_string(dis16);
 556   6                                                      delay(50000);delay(50000);delay(50000);delay(50000);
 557   6                                                      screen_level=1;
 558   6                                                      screen_draw();
 559   6                                                      dis_led();
 560   6                                              }
 561   5                                      }
 562   4                              }
 563   3                      }
 564   2                      if((screen_present==3)&&(screen_level>1))
 565   2                      {
 566   3                              if((screen_level==2)&&(c_i>3))
 567   3                              {
 568   4                                      UART_command=1;//要改名字
 569   4                              }
 570   3                              else if((screen_level==3)&&(c_i==8))
 571   3                              {
 572   4                                      UART_command=2;//要改密码
 573   4                              }
 574   3                              else
 575   3                              {
 576   4                                      write_cmd(0x01);lcd_pos(0,0);dis_string(dis16);
 577   4                                      delay(50000);delay(50000);delay(50000);delay(50000);    
 578   4                              }
 579   3                              c_i=0;
 580   3                              screen_level=1;
 581   3                              write_cmd(0x01);
 582   3                              lcd_pos(1,0);
 583   3                              dis_string(dis26);
 584   3                      }
 585   2              }
 586   1      
 587   1              if(key==11)
 588   1              {
 589   2                      if(screen_level>1)
 590   2                      {
 591   3                              lcd_pos(1,0);
 592   3                              dis_string("                ");
 593   3                              c_i=0;
 594   3                              led_entered=0;
 595   3                      }
 596   2              }                       
 597   1              if(key==12)
 598   1              {
 599   2                      if(screen_present==0)breathe_now=(breathe_now+1)%3;
 600   2                      if((screen_present==3)&&(screen_level==1))
 601   2                      {
 602   3                              screen_level=2;
 603   3                              screen_draw();
 604   3                              lcd_pos(1,0);
 605   3                      }
 606   2              }
 607   1              if(key==13)
 608   1              {
 609   2                      if(screen_present==0)
 610   2                      {
 611   3                              pwm_on=~pwm_on;
 612   3                              if(pwm_on==1)
 613   3                              {
C51 COMPILER V9.00   KEYPAD                                                                09/14/2015 21:09:41 PAGE 11  

 614   4                                      lcd_pos(3,0);
 615   4                                      dis_string("                ");
 616   4                                      lcd_pos(3,0);
 617   4                                      dis_string(dis21);
 618   4                              }
 619   3                              else
 620   3                              {
 621   4                                      lcd_pos(3,0);
 622   4                                      dis_string("                ");
 623   4                                      lcd_pos(3,0);
 624   4                                      dis_string(dis10);
 625   4                                      pwm_on=0;
 626   4                              }
 627   3                      }
 628   2                      if((screen_present==3)&&(screen_level==1))
 629   2                      {
 630   3                              screen_level=3;
 631   3                              screen_draw();
 632   3                              lcd_pos(1,0);
 633   3                      }
 634   2              }
 635   1              if(key==14)
 636   1              {
 637   2                      if(screen_present==1)//此情景下输入锁灯密码
 638   2                      {
 639   3                              screen_level=2;
 640   3                              write_cmd(0x01);
 641   3                              lcd_pos(0,0);
 642   3                              dis_string(dis14);
 643   3                              lcd_pos(3,0);
 644   3                              dis_string(dis15);
 645   3                              //lcd_pos(1,0);
 646   3      
 647   3                      }
 648   2              }
 649   1              if(key==15)
 650   1              {
 651   2                      c_i=0;
 652   2                      if(screen_level>1)       screen_level=1;
 653   2                      else screen_level=0;
 654   2                      if(screen_level==0)
 655   2                      {
 656   3                              screen_present=0;
 657   3                      }
 658   2                      screen_draw();
 659   2                      if((screen_present==1)&&(screen_level==1))
 660   2                      {
 661   3                              dis_led();
 662   3                      }
 663   2              }
 664   1      } 
 665          
 666          void keyscan(void) interrupt 0  
 667          {
 668   1              key=keyfind();
 669   1              keyprocess(key);
 670   1              key=16;
 671   1              delay(20);
 672   1              P7=0xf0;
 673   1      }


C51 COMPILER V9.00   KEYPAD                                                                09/14/2015 21:09:41 PAGE 12  

MODULE INFORMATION:   STATIC OVERLAYABLE
   CODE SIZE        =   3393    ----
   CONSTANT SIZE    =     17    ----
   XDATA SIZE       =   ----    ----
   PDATA SIZE       =   ----       1
   DATA SIZE        =   ----    ----
   IDATA SIZE       =     29    ----
   BIT SIZE         =      1    ----
END OF MODULE INFORMATION.


C51 COMPILATION COMPLETE.  0 WARNING(S),  0 ERROR(S)
